Microchip Technology Inc, v2.10 (B)

Tool Name:
  /Applications/microchip/xc16/v2.10/bin/bin/../bin/elf-ld

Command:
  -p24F16KA101 \
  --mdfp=/Applications/microchip/mplabx/v6.20/packs/Microchip/PIC24F-KA-KL-KM_DFP/1.5.253/xc16 \
  -o \
  dist/default/production/Appproject1.X.production.elf \
  -L/Applications/microchip/xc16/v2.10/bin/bin/.. \
  -L/Applications/microchip/mplabx/v6.20/packs/Microchip/PIC24F-KA-KL-KM_DFP/1.5.253/xc16/bin/../support/PIC24F/gld \
  -L/Applications/microchip/xc16/v2.10/bin/bin/../../lib \
  -L/Applications/microchip/xc16/v2.10/bin/bin/../../support/PIC24E/gld \
  -L/Applications/microchip/xc16/v2.10/bin/bin/../../support/PIC24F/gld \
  -L/Applications/microchip/xc16/v2.10/bin/bin/../../support/PIC24H/gld \
  -L/Applications/microchip/xc16/v2.10/bin/bin/../../support/dsPIC30F/gld \
  -L/Applications/microchip/xc16/v2.10/bin/bin/../../support/dsPIC33C/gld \
  -L/Applications/microchip/xc16/v2.10/bin/bin/../../support/dsPIC33E/gld \
  -L/Applications/microchip/xc16/v2.10/bin/bin/../../support/dsPIC33F/gld \
  build/default/production/clkChange.o \
  build/default/production/UART2.o \
  build/default/production/app1main.o \
  build/default/production/IOs.o \
  build/default/production/TimeDelay.o \
  --defsym=__MPLAB_BUILD=1 \
  -Tp24F16KA101.gld.00 \
  --stack=16 \
  --check-sections \
  --data-init \
  --pack-data \
  --handles \
  --isr \
  --no-gc-sections \
  --fill-upper=0 \
  --stackguard=16 \
  --no-force-link \
  --smart-io \
  -Map=dist/default/production/Appproject1.X.production.map \
  --report-mem \
  --memorysummary \
  dist/default/production/memoryfile.xml \
  -start-group \
  --library=c99-pic30-elf \
  --library=m-elf \
  --library=c99-elf \
  -end-group \


Optional library libpPIC24Fxxx.a not found
Archive member included because of file (symbol)

/Applications/microchip/xc16/v2.10/bin/bin/../../lib/libc99-pic30-elf.a(crt0_standard.o)
                              (__resetPRI)
/Applications/microchip/xc16/v2.10/bin/bin/../../lib/libc99-pic30-elf.a(data_init_standard.o)
                              /Applications/microchip/xc16/v2.10/bin/bin/../../lib/libc99-pic30-elf.a(crt0_standard.o) (__data_init_standard)
/Applications/microchip/xc16/v2.10/bin/bin/../../lib/libc99-pic30-elf.a(crt_start_mode_normal.Meo)
                              (__crt_start_mode_normal)
/Applications/microchip/xc16/v2.10/bin/bin/../../lib/libc99-pic30-elf.a(fixunssfsi.XX_o)
                              build/default/production/UART2.o (___fixunssfsi)
/Applications/microchip/xc16/v2.10/bin/bin/../../lib/libc99-pic30-elf.a(floatsisf.XX_o)
                              build/default/production/UART2.o (___floatsisf)
/Applications/microchip/xc16/v2.10/bin/bin/../../lib/libc99-pic30-elf.a(floatunsisf.XX_o)
                              build/default/production/UART2.o (___floatunsisf)
/Applications/microchip/xc16/v2.10/bin/bin/../../lib/libc99-pic30-elf.a(funpack.XX_o)
                              /Applications/microchip/xc16/v2.10/bin/bin/../../lib/libc99-pic30-elf.a(fixunssfsi.XX_o) (__funpack)
/Applications/microchip/xc16/v2.10/bin/bin/../../lib/libc99-pic30-elf.a(divsf3x.XX_o)
                              build/default/production/UART2.o (___divsf3)
/Applications/microchip/xc16/v2.10/bin/bin/../../lib/libc99-pic30-elf.a(typefx.XX_o)
                              /Applications/microchip/xc16/v2.10/bin/bin/../../lib/libc99-pic30-elf.a(divsf3x.XX_o) (__typef)
/Applications/microchip/xc16/v2.10/bin/bin/../../lib/libc99-pic30-elf.a(spackfx.XX_o)
                              /Applications/microchip/xc16/v2.10/bin/bin/../../lib/libc99-pic30-elf.a(divsf3x.XX_o) (__spackf)
/Applications/microchip/xc16/v2.10/bin/bin/../../lib/libc99-pic30-elf.a(unpackfx.XX_o)
                              /Applications/microchip/xc16/v2.10/bin/bin/../../lib/libc99-pic30-elf.a(divsf3x.XX_o) (__unpackf)
/Applications/microchip/xc16/v2.10/bin/bin/../../lib/libc99-pic30-elf.a(errno.XX_o)
                              /Applications/microchip/xc16/v2.10/bin/bin/../../lib/libc99-pic30-elf.a(divsf3x.XX_o) (_errno)
/Applications/microchip/xc16/v2.10/bin/bin/../../lib/libc99-pic30-elf.a(floatdisf.XX_o)
                              /Applications/microchip/xc16/v2.10/bin/bin/../../lib/libc99-pic30-elf.a(floatsisf.XX_o) (___floatdisf)
/Applications/microchip/xc16/v2.10/bin/bin/../../lib/libc99-pic30-elf.a(floatundisf.XX_o)
                              /Applications/microchip/xc16/v2.10/bin/bin/../../lib/libc99-pic30-elf.a(floatunsisf.XX_o) (___floatundisf)
/Applications/microchip/xc16/v2.10/bin/bin/../../lib/libc99-pic30-elf.a(fpack.XX_o)
                              /Applications/microchip/xc16/v2.10/bin/bin/../../lib/libc99-pic30-elf.a(floatundisf.XX_o) (__fpack)
/Applications/microchip/xc16/v2.10/bin/bin/../../lib/libm-elf.a(powf.XX_o)
                              build/default/production/UART2.o (_powf)
/Applications/microchip/xc16/v2.10/bin/bin/../../lib/libm-elf.a(scalbnf.XX_o)
                              /Applications/microchip/xc16/v2.10/bin/bin/../../lib/libm-elf.a(powf.XX_o) (_scalbnf)
/Applications/microchip/xc16/v2.10/bin/bin/../../lib/libm-elf.a(sqrtf.XX_o)
                              /Applications/microchip/xc16/v2.10/bin/bin/../../lib/libm-elf.a(powf.XX_o) (_sqrtf)
/Applications/microchip/xc16/v2.10/bin/bin/../../lib/libm-elf.a(fabsf.XX_o)
                              /Applications/microchip/xc16/v2.10/bin/bin/../../lib/libm-elf.a(powf.XX_o) (_fabsf)
/Applications/microchip/xc16/v2.10/bin/bin/../../lib/libc99-elf.a(__errno_location.XX_o)
                              /Applications/microchip/xc16/v2.10/bin/bin/../../lib/libm-elf.a(powf.XX_o) (___errno_val)
/Applications/microchip/xc16/v2.10/bin/bin/../../lib/libc99-elf.a(__sio_sprintf_doux.XX_o)
                              build/default/production/IOs.o (__sprintf_cdnopuxX)
/Applications/microchip/xc16/v2.10/bin/bin/../../lib/libc99-elf.a(memcpy.XX_o)
                              build/default/production/IOs.o (_memcpy)
/Applications/microchip/xc16/v2.10/bin/bin/../../lib/libc99-elf.a(strcat.XX_o)
                              build/default/production/IOs.o (_strcat)
/Applications/microchip/xc16/v2.10/bin/bin/../../lib/libc99-elf.a(strcmp.XX_o)
                              build/default/production/IOs.o (_strcmp)
/Applications/microchip/xc16/v2.10/bin/bin/../../lib/libc99-elf.a(strcpy.XX_o)
                              build/default/production/IOs.o (_strcpy)
/Applications/microchip/xc16/v2.10/bin/bin/../../lib/libc99-elf.a(strlen.XX_o)
                              build/default/production/UART2.o (_strlen)
/Applications/microchip/xc16/v2.10/bin/bin/../../lib/libc99-elf.a(__fmt_d.XX_o)
                              /Applications/microchip/xc16/v2.10/bin/bin/../../lib/libc99-elf.a(__sio_sprintf_doux.XX_o) (___fmt_d_needed)
/Applications/microchip/xc16/v2.10/bin/bin/../../lib/libc99-elf.a(__fmt_o.XX_o)
                              /Applications/microchip/xc16/v2.10/bin/bin/../../lib/libc99-elf.a(__sio_sprintf_doux.XX_o) (___fmt_o_needed)
/Applications/microchip/xc16/v2.10/bin/bin/../../lib/libc99-elf.a(__fmt_s.XX_o)
                              /Applications/microchip/xc16/v2.10/bin/bin/../../lib/libc99-elf.a(__sio_sprintf_doux.XX_o) (___fmt_s_needed)
/Applications/microchip/xc16/v2.10/bin/bin/../../lib/libc99-elf.a(__fmt_u.XX_o)
                              /Applications/microchip/xc16/v2.10/bin/bin/../../lib/libc99-elf.a(__fmt_d.XX_o) (___cvt_u)
/Applications/microchip/xc16/v2.10/bin/bin/../../lib/libc99-elf.a(__fmt_x.XX_o)
                              /Applications/microchip/xc16/v2.10/bin/bin/../../lib/libc99-elf.a(__sio_sprintf_doux.XX_o) (___fmt_x_needed)
/Applications/microchip/xc16/v2.10/bin/bin/../../lib/libc99-elf.a(__int_vsprintf.XX_o)
                              /Applications/microchip/xc16/v2.10/bin/bin/../../lib/libc99-elf.a(__sio_sprintf_doux.XX_o) (___vsprintf)
/Applications/microchip/xc16/v2.10/bin/bin/../../lib/libc99-elf.a(__pop_int.XX_o)
                              /Applications/microchip/xc16/v2.10/bin/bin/../../lib/libc99-elf.a(__sio_sprintf_doux.XX_o) (___pop_int_needed)
/Applications/microchip/xc16/v2.10/bin/bin/../../lib/libc99-elf.a(__pop_ptr.XX_o)
                              /Applications/microchip/xc16/v2.10/bin/bin/../../lib/libc99-elf.a(__sio_sprintf_doux.XX_o) (___pop_ptr_needed)
/Applications/microchip/xc16/v2.10/bin/bin/../../lib/libc99-elf.a(__printf_core.XX_o)
                              /Applications/microchip/xc16/v2.10/bin/bin/../../lib/libc99-elf.a(__fmt_d.XX_o) (___pad)
/Applications/microchip/xc16/v2.10/bin/bin/../../lib/libc99-elf.a(atoi.XX_o)
                              /Applications/microchip/xc16/v2.10/bin/bin/../../lib/libc99-elf.a(__printf_core.XX_o) (_atoi)
/Applications/microchip/xc16/v2.10/bin/bin/../../lib/libc99-elf.a(memset.XX_o)
                              /Applications/microchip/xc16/v2.10/bin/bin/../../lib/libc99-elf.a(__printf_core.XX_o) (_memset)
/Applications/microchip/xc16/v2.10/bin/bin/../../lib/libc99-elf.a(stpcpy.XX_o)
                              /Applications/microchip/xc16/v2.10/bin/bin/../../lib/libc99-elf.a(strcpy.XX_o) (___stpcpy)
/Applications/microchip/xc16/v2.10/bin/bin/../../lib/libc99-elf.a(tolower.XX_o)
                              /Applications/microchip/xc16/v2.10/bin/bin/../../lib/libc99-elf.a(__printf_core.XX_o) (_tolower)
/Applications/microchip/xc16/v2.10/bin/bin/../../lib/libc99-elf.a(toupper.XX_o)
                              /Applications/microchip/xc16/v2.10/bin/bin/../../lib/libc99-elf.a(__fmt_x.XX_o) (_toupper)
/Applications/microchip/xc16/v2.10/bin/bin/../../lib/libc99-elf.a(__int_vsnprintf.XX_o)
                              /Applications/microchip/xc16/v2.10/bin/bin/../../lib/libc99-elf.a(__int_vsprintf.XX_o) (___vsnprintf)
/Applications/microchip/xc16/v2.10/bin/bin/../../lib/libc99-elf.a(__pop_float.XX_o)
                              /Applications/microchip/xc16/v2.10/bin/bin/../../lib/libc99-elf.a(__printf_core.XX_o) (___pop_float)
/Applications/microchip/xc16/v2.10/bin/bin/../../lib/libc99-elf.a(__int_vfprintf.XX_o)
                              /Applications/microchip/xc16/v2.10/bin/bin/../../lib/libc99-elf.a(__int_vsnprintf.XX_o) (___vfprintf)
/Applications/microchip/xc16/v2.10/bin/bin/../../lib/libc99-pic30-elf.a(extendsfdf.XX_o)
                              /Applications/microchip/xc16/v2.10/bin/bin/../../lib/libc99-elf.a(__pop_float.XX_o) (___extendsfdf2)
/Applications/microchip/xc16/v2.10/bin/bin/../../lib/libc99-pic30-elf.a(feqltle.XX_o)
                              /Applications/microchip/xc16/v2.10/bin/bin/../../lib/libm-elf.a(powf.XX_o) (___lesf2)
/Applications/microchip/xc16/v2.10/bin/bin/../../lib/libc99-pic30-elf.a(fgtge.XX_o)
                              /Applications/microchip/xc16/v2.10/bin/bin/../../lib/libm-elf.a(powf.XX_o) (___gtsf2)
/Applications/microchip/xc16/v2.10/bin/bin/../../lib/libc99-pic30-elf.a(mulsi3.XX_o)
                              /Applications/microchip/xc16/v2.10/bin/bin/../../lib/libc99-elf.a(memset.XX_o) (___mulsi3)
/Applications/microchip/xc16/v2.10/bin/bin/../../lib/libc99-pic30-elf.a(addsf3x.XX_o)
                              /Applications/microchip/xc16/v2.10/bin/bin/../../lib/libm-elf.a(powf.XX_o) (___subsf3)
/Applications/microchip/xc16/v2.10/bin/bin/../../lib/libc99-pic30-elf.a(mulsf3x.XX_o)
                              /Applications/microchip/xc16/v2.10/bin/bin/../../lib/libm-elf.a(powf.XX_o) (___mulsf3)
/Applications/microchip/xc16/v2.10/bin/bin/../../lib/libc99-pic30-elf.a(dnrmpackfx.XX_o)
                              /Applications/microchip/xc16/v2.10/bin/bin/../../lib/libc99-pic30-elf.a(addsf3x.XX_o) (__dnrmpackf)
/Applications/microchip/xc16/v2.10/bin/bin/../../lib/libc99-pic30-elf.a(unpackdnrmfx.XX_o)
                              /Applications/microchip/xc16/v2.10/bin/bin/../../lib/libc99-pic30-elf.a(mulsf3x.XX_o) (__unpackdnrmf)
/Applications/microchip/xc16/v2.10/bin/bin/../../lib/libc99-pic30-elf.a(propnanfx.XX_o)
                              /Applications/microchip/xc16/v2.10/bin/bin/../../lib/libc99-pic30-elf.a(addsf3x.XX_o) (__propnanf)
/Applications/microchip/xc16/v2.10/bin/bin/../../lib/libc99-pic30-elf.a(divmoddi3.XX_o)
                              /Applications/microchip/xc16/v2.10/bin/bin/../../lib/libc99-elf.a(__fmt_u.XX_o) (___udivdi3)
/Applications/microchip/xc16/v2.10/bin/bin/../../lib/libc99-pic30-elf.a(fcompare.XX_o)
                              /Applications/microchip/xc16/v2.10/bin/bin/../../lib/libc99-pic30-elf.a(feqltle.XX_o) (__fcompare)
/Applications/microchip/xc16/v2.10/bin/bin/../../lib/libc99-pic30-elf.a(funpack2.XX_o)
                              /Applications/microchip/xc16/v2.10/bin/bin/../../lib/libc99-pic30-elf.a(fcompare.XX_o) (__funpack2)


Selected CodeGuard Options:
  FGS:GWRP:OFF
  FGS:GCP:OFF
  FBS:BWRP:OFF
  FBS:BSS:OFF

CodeGuard FLASH Memory:
  boot    (none)
  secure  (none)
  general 0x200 to 0x2bfe

CodeGuard RAM Memory:
  general 0x800 to 0xdff
  secure  (none)
  boot    (none)

CodeGuard EEPROM Memory:
  general 0x7ffe00 to 0x7fffff
  secure  (none)
  boot    (none)


xc16-ld 2.10 (B)

Default Code Model: Small
Default Data Model: Small
Default Scalar Model: Small

"program" Memory  [Origin = 0x200, Length = 0x2a00]

section                    address   length (PC units)   length (bytes) (dec)
-------                    -------   -----------------   --------------------
.text                        0x200              0x206a          0x309f  (12447)
.const                      0x226a                0x28            0x3c  (60)
.text                       0x2292               0x5f4           0x8ee  (2286)
.dinit                      0x2886                0x4a            0x6f  (111)
.text                       0x28d0                 0xc            0x12  (18)

                 Total "program" memory used (bytes):         0x3a4a  (14922) 92%


"data" Memory  [Origin = 0x800, Length = 0x600]

section                    address      alignment gaps    total length  (dec)
-------                    -------      --------------    -------------------
.nbss                        0x800                   0            0x16  (22)
.data                        0x816                   0            0x36  (54)
.bss                         0x84c                   0             0x2  (2)

                 Total "data" memory used (bytes):           0x4e  (78) 5%


Dynamic Memory Usage

region                     address                      maximum length  (dec)
------                     -------                      ---------------------
heap                             0                                   0  (0)
stack                        0x84e                               0x5b2  (1458)

                 Maximum dynamic memory (bytes):          0x5b2  (1458)

Info: Project is using a large data memory model when small data memory model is sufficient.


External Symbols in Data Memory (by address):

                    0x0800                  _PB3_event
                    0x0802                  _PB2_event
                    0x0804                  _PB1_event
                    0x0806                  _minutes
                    0x0808                  _seconds
                    0x080a                  _go
                    0x080c                  _faster
                    0x080e                  _timer
                    0x0810                  _clkval
                    0x0812                  _lastStrLen
                    0x084c                  ___errno_val

External Symbols in Data Memory (by name):

                    0x0804                  _PB1_event
                    0x0802                  _PB2_event
                    0x0800                  _PB3_event
                    0x084c                  ___errno_val
                    0x0810                  _clkval
                    0x080c                  _faster
                    0x080a                  _go
                    0x0812                  _lastStrLen
                    0x0806                  _minutes
                    0x0808                  _seconds
                    0x080e                  _timer

External Symbols in Program Memory (by address):

                  0x000200                  __resetPRI
                  0x00023c                  __psv_init
                  0x000252                  __data_init_standard
                  0x000252                  __data_init
                  0x0002d4                  __U2RXInterrupt
                  0x0002dc                  __U2TXInterrupt
                  0x0002e4                  __CNInterrupt
                  0x00033e                  __T2Interrupt
                  0x00034a                  __DefaultInterrupt
                  0x000350                  ___fixunssfsi
                  0x000386                  ___floatsisf
                  0x00038c                  ___floatunsisf
                  0x000390                  __funpack
                  0x0003ba                  ___divsf3x
                  0x0003ba                  ___divsf3
                  0x00054c                  __sdivf
                  0x000578                  __typef
                  0x0005ac                  __spackf
                  0x000652                  __unpackf
                  0x0006b8                  ___floatdisf
                  0x0006d8                  ___floatundisf
                  0x000736                  __fpack
                  0x000782                  _powf
                  0x000f42                  _scalbnf
                  0x000f96                  _sqrtf
                  0x0010aa                  _fabsf
                  0x0010c0                  ___sio_sprintf_doux
                  0x0010ce                  _memcpy
                  0x0010dc                  _strcat
                  0x0010f0                  _strcmp
                  0x001106                  _strcpy
                  0x001114                  _strlen
                  0x001144                  ___fmt_d
                  0x0011f6                  ___fmt_o
                  0x001260                  ___fmt_s
                  0x0012b4                  ___cvt_u
                  0x00135a                  ___fmt_u
                  0x0013ac                  ___fmt_x
                  0x0014f6                  ___vsprintf
                  0x0014fe                  ___pop_int
                  0x0015a6                  ___pop_ptr
                  0x00163c                  ___pad
                  0x0016b6                  ___fmt_state
                  0x0019ba                  ___printf_core
                  0x001a0e                  _atoi
                  0x001a5a                  _memset
                  0x001b22                  ___stpcpy
                  0x001b62                  _tolower
                  0x001b6e                  ___tolower_l
                  0x001b70                  _toupper
                  0x001b7c                  ___toupper_l
                  0x001b7e                  ___vsnprintf
                  0x001bc8                  ___pop_float
                  0x001c06                  ___vfprintf
                  0x001c22                  ___extendsfdf2
                  0x001c60                  ___eqsf2
                  0x001c60                  ___lesf2
                  0x001c60                  ___ltsf2
                  0x001c64                  ___gtsf2
                  0x001c64                  ___gesf2
                  0x001c68                  ___mulsi3
                  0x001c68                  ___mulp32peds3
                  0x001c68                  ___mulp32eds3
                  0x001c74                  ___subsf3x
                  0x001c74                  ___subsf3
                  0x001c86                  ___addsf3x
                  0x001c86                  ___addsf3
                  0x001e50                  ___mulsf3x
                  0x001e50                  ___mulsf3
                  0x001f5c                  __dnrmpackf
                  0x001fb0                  __unpackdnrmf
                  0x00200e                  __propnanf
                  0x00206c                  ___udivmoddi3
                  0x002152                  ___udivdi3
                  0x002160                  ___umoddi3
                  0x002168                  ___divdi3
                  0x0021c8                  ___moddi3
                  0x002224                  __fcompare
                  0x00225a                  __funpack2
                  0x002292                  _IOinit
                  0x0022cc                  _IOcheck
                  0x002484                  _goToNextMultipleOf5
                  0x0024d6                  _goToNextMultipleOf5Minutes
                  0x002528                  _displayTime
                  0x0025a4                  _InitUART2
                  0x00260c                  _XmitUART2
                  0x002644                  _Disp2Hex
                  0x0026a2                  _Disp2Hex32
                  0x002718                  _Disp2Dec
                  0x002778                  _Disp2String
                  0x0027ca                  _newClk
                  0x002838                  _setup_timer1
                  0x002854                  _delay_ms
                  0x0028d0                  _main
                  0xf80000                  __FBS.sec
                  0xf80004                  __FGS.sec

External Symbols in Program Memory (by name):

                  0x002718                  _Disp2Dec
                  0x002644                  _Disp2Hex
                  0x0026a2                  _Disp2Hex32
                  0x002778                  _Disp2String
                  0x0022cc                  _IOcheck
                  0x002292                  _IOinit
                  0x0025a4                  _InitUART2
                  0x00260c                  _XmitUART2
                  0x0002e4                  __CNInterrupt
                  0x00034a                  __DefaultInterrupt
                  0xf80000                  __FBS.sec
                  0xf80004                  __FGS.sec
                  0x00033e                  __T2Interrupt
                  0x0002d4                  __U2RXInterrupt
                  0x0002dc                  __U2TXInterrupt
                  0x001c86                  ___addsf3
                  0x001c86                  ___addsf3x
                  0x0012b4                  ___cvt_u
                  0x002168                  ___divdi3
                  0x0003ba                  ___divsf3
                  0x0003ba                  ___divsf3x
                  0x001c60                  ___eqsf2
                  0x001c22                  ___extendsfdf2
                  0x000350                  ___fixunssfsi
                  0x0006b8                  ___floatdisf
                  0x000386                  ___floatsisf
                  0x0006d8                  ___floatundisf
                  0x00038c                  ___floatunsisf
                  0x001144                  ___fmt_d
                  0x0011f6                  ___fmt_o
                  0x001260                  ___fmt_s
                  0x0016b6                  ___fmt_state
                  0x00135a                  ___fmt_u
                  0x0013ac                  ___fmt_x
                  0x001c64                  ___gesf2
                  0x001c64                  ___gtsf2
                  0x001c60                  ___lesf2
                  0x001c60                  ___ltsf2
                  0x0021c8                  ___moddi3
                  0x001c68                  ___mulp32eds3
                  0x001c68                  ___mulp32peds3
                  0x001e50                  ___mulsf3
                  0x001e50                  ___mulsf3x
                  0x001c68                  ___mulsi3
                  0x00163c                  ___pad
                  0x001bc8                  ___pop_float
                  0x0014fe                  ___pop_int
                  0x0015a6                  ___pop_ptr
                  0x0019ba                  ___printf_core
                  0x0010c0                  ___sio_sprintf_doux
                  0x001b22                  ___stpcpy
                  0x001c74                  ___subsf3
                  0x001c74                  ___subsf3x
                  0x001b6e                  ___tolower_l
                  0x001b7c                  ___toupper_l
                  0x002152                  ___udivdi3
                  0x00206c                  ___udivmoddi3
                  0x002160                  ___umoddi3
                  0x001c06                  ___vfprintf
                  0x001b7e                  ___vsnprintf
                  0x0014f6                  ___vsprintf
                  0x000252                  __data_init
                  0x000252                  __data_init_standard
                  0x001f5c                  __dnrmpackf
                  0x002224                  __fcompare
                  0x000736                  __fpack
                  0x000390                  __funpack
                  0x00225a                  __funpack2
                  0x00200e                  __propnanf
                  0x00023c                  __psv_init
                  0x000200                  __resetPRI
                  0x00054c                  __sdivf
                  0x0005ac                  __spackf
                  0x000578                  __typef
                  0x001fb0                  __unpackdnrmf
                  0x000652                  __unpackf
                  0x001a0e                  _atoi
                  0x002854                  _delay_ms
                  0x002528                  _displayTime
                  0x0010aa                  _fabsf
                  0x002484                  _goToNextMultipleOf5
                  0x0024d6                  _goToNextMultipleOf5Minutes
                  0x0028d0                  _main
                  0x0010ce                  _memcpy
                  0x001a5a                  _memset
                  0x0027ca                  _newClk
                  0x000782                  _powf
                  0x000f42                  _scalbnf
                  0x002838                  _setup_timer1
                  0x000f96                  _sqrtf
                  0x0010dc                  _strcat
                  0x0010f0                  _strcmp
                  0x001106                  _strcpy
                  0x001114                  _strlen
                  0x001b62                  _tolower
                  0x001b70                  _toupper

Memory Configuration

Name             Origin             Length             Attributes
data             0x000800           0x000600           a !xr
reset            0x000000           0x000004  
ivt              0x000004           0x0000fc  
_reserved        0x000100           0x000004  
aivt             0x000104           0x0000fc  
program          0x000200           0x002a00           xr
eedata           0x7ffe00           0x000200  
FBS              0xf80000           0x000002  
FGS              0xf80004           0x000002  
FOSCSEL          0xf80006           0x000002  
FOSC             0xf80008           0x000002  
FWDT             0xf8000a           0x000002  
FPOR             0xf8000c           0x000002  
FICD             0xf8000e           0x000002  
FDS              0xf80010           0x000002  
*default*        0x000000           0xffffffffffffffff  

Linker script and memory map

LOAD build/default/production/clkChange.o
LOAD build/default/production/UART2.o
LOAD build/default/production/app1main.o
LOAD build/default/production/IOs.o
LOAD build/default/production/TimeDelay.o
                    0x0001                  __MPLAB_BUILD = 0x1
LOAD pPIC24Fxxx
LOAD /Applications/microchip/xc16/v2.10/bin/bin/../../lib/libfx-elf.a
                    0xf80000                  __FBS = 0xf80000
                    0xf80004                  __FGS = 0xf80004
                    0xf80006                  __FOSCSEL = 0xf80006
                    0xf80008                  __FOSC = 0xf80008
                    0xf8000a                  __FWDT = 0xf8000a
                    0xf8000c                  __FPOR = 0xf8000c
                    0xf8000e                  __FICD = 0xf8000e
                    0xf80010                  __FDS = 0xf80010
                    0x0001                  __NO_HANDLES = 0x1
                    0x0200                  __CODE_BASE = 0x200
                    0x2a00                  __CODE_LENGTH = 0x2a00
                    0x0004                  __IVT_BASE = 0x4
                    0x0104                  __AIVT_BASE = 0x104
                    0x0800                  __DATA_BASE = 0x800
                    0x0600                  __DATA_LENGTH = 0x600
                    0x7ffe00                  __EEDATA_BASE = 0x7ffe00
                    0x0200                  __EEDATA_LENGTH = 0x200

.reset            0x000000          0x4
                  0x000000          0x2 SHORT 0x200 ABSOLUTE (__reset)
                  0x000001          0x2 SHORT 0x4
                  0x000002          0x2 SHORT 0x0 ((ABSOLUTE (__reset) >> 0x10) & 0x7f)
                  0x000003          0x2 SHORT 0x0

.text             0x000200       0x206a
 *(.init)
 .init            0x000200         0x4c /Applications/microchip/xc16/v2.10/bin/bin/../../lib/libc99-pic30-elf.a(crt0_standard.o)
                  0x000200                  __reset
                  0x000200                  __resetPRI
                  0x00023c                  __psv_init
 .init            0x00024c         0x7c /Applications/microchip/xc16/v2.10/bin/bin/../../lib/libc99-pic30-elf.a(data_init_standard.o)
                  0x000252                  __data_init
                  0x000252                  __data_init_standard
 *(.user_init)
 *(.handle)
 *(.isr*)
 .isr.text        0x0002d4         0x10 build/default/production/UART2.o
                  0x0002d4                  __U2RXInterrupt
                  0x0002dc                  __U2TXInterrupt
 .isr.text        0x0002e4         0x5a build/default/production/IOs.o
                  0x0002e4                  __CNInterrupt
 .isr.text        0x00033e          0xc build/default/production/TimeDelay.o
                  0x00033e                  __T2Interrupt
 .isr             0x00034a          0x4 default_isr
                  0x00034a                  __DefaultInterrupt
 *(.libc)
 *(.libm)
 *(.libdsp)
 *(.lib*)
 .libpic30_crt_start_mode
                  0x00034e          0x2 /Applications/microchip/xc16/v2.10/bin/bin/../../lib/libc99-pic30-elf.a(crt_start_mode_normal.Meo)
                  0x00034e                  __crt_start_mode_normal
                  0x00034e                  __crt_start_mode
 .libm.fixunssfsi
                  0x000350         0x36 /Applications/microchip/xc16/v2.10/bin/bin/../../lib/libc99-pic30-elf.a(fixunssfsi.XX_o)
                  0x000350                  ___fixunssfsi
 .libm.floatsisf
                  0x000386          0x6 /Applications/microchip/xc16/v2.10/bin/bin/../../lib/libc99-pic30-elf.a(floatsisf.XX_o)
                  0x000386                  ___floatsisf
 .libm.floatunsisf
                  0x00038c          0x4 /Applications/microchip/xc16/v2.10/bin/bin/../../lib/libc99-pic30-elf.a(floatunsisf.XX_o)
                  0x00038c                  ___floatunsisf
 .libm.funpack    0x000390         0x2a /Applications/microchip/xc16/v2.10/bin/bin/../../lib/libc99-pic30-elf.a(funpack.XX_o)
                  0x000390                  __funpack
 .libmx           0x0003ba        0x1be /Applications/microchip/xc16/v2.10/bin/bin/../../lib/libc99-pic30-elf.a(divsf3x.XX_o)
                  0x0003ba                  ___divsf3x
                  0x0003ba                  ___divsf3
                  0x00054c                  __sdivf
 .libmx           0x000578         0x34 /Applications/microchip/xc16/v2.10/bin/bin/../../lib/libc99-pic30-elf.a(typefx.XX_o)
                  0x000578                  __typef
 .libmx           0x0005ac         0xa6 /Applications/microchip/xc16/v2.10/bin/bin/../../lib/libc99-pic30-elf.a(spackfx.XX_o)
                  0x0005ac                  __spackf
 .libmx           0x000652         0x66 /Applications/microchip/xc16/v2.10/bin/bin/../../lib/libc99-pic30-elf.a(unpackfx.XX_o)
                  0x000652                  __unpackf
 .libm.floatdisf
                  0x0006b8         0x20 /Applications/microchip/xc16/v2.10/bin/bin/../../lib/libc99-pic30-elf.a(floatdisf.XX_o)
                  0x0006b8                  ___floatdisf
 .libm.floatundisf
                  0x0006d8         0x5e /Applications/microchip/xc16/v2.10/bin/bin/../../lib/libc99-pic30-elf.a(floatundisf.XX_o)
                  0x0006d8                  ___floatundisf
 .libm.fpack      0x000736         0x4c /Applications/microchip/xc16/v2.10/bin/bin/../../lib/libc99-pic30-elf.a(fpack.XX_o)
                  0x000736                  __fpack
 .libc.powf       0x000782        0x7c0 /Applications/microchip/xc16/v2.10/bin/bin/../../lib/libm-elf.a(powf.XX_o)
                  0x000782                  _powf
 .libc.scalbnf    0x000f42         0x54 /Applications/microchip/xc16/v2.10/bin/bin/../../lib/libm-elf.a(scalbnf.XX_o)
                  0x000f42                  _scalbnf
 .libc.sqrtf      0x000f96        0x114 /Applications/microchip/xc16/v2.10/bin/bin/../../lib/libm-elf.a(sqrtf.XX_o)
                  0x000f96                  _sqrtf
 .libc.fabsf      0x0010aa          0xa /Applications/microchip/xc16/v2.10/bin/bin/../../lib/libm-elf.a(fabsf.XX_o)
                  0x0010aa                  _fabsf
 .libc.__wrap_sprintf
                  0x0010b4          0xc /Applications/microchip/xc16/v2.10/bin/bin/../../lib/libc99-elf.a(__sio_sprintf_doux.XX_o)
                  0x0010b4                  __dsprintf_cdnopuxX
                  0x0010b4                  __sprintf_cdnopuxX
 .libc.__sio_sprintf_doux
                  0x0010c0          0xe /Applications/microchip/xc16/v2.10/bin/bin/../../lib/libc99-elf.a(__sio_sprintf_doux.XX_o)
                  0x0010c0                  ___sio_sprintf_doux
 .libc.memcpy     0x0010ce          0xe /Applications/microchip/xc16/v2.10/bin/bin/../../lib/libc99-elf.a(memcpy.XX_o)
                  0x0010ce                  _memcpy
 .libc.strcat     0x0010dc         0x14 /Applications/microchip/xc16/v2.10/bin/bin/../../lib/libc99-elf.a(strcat.XX_o)
                  0x0010dc                  _strcat
 .libc.strcmp     0x0010f0         0x16 /Applications/microchip/xc16/v2.10/bin/bin/../../lib/libc99-elf.a(strcmp.XX_o)
                  0x0010f0                  _strcmp
 .libc.strcpy     0x001106          0xe /Applications/microchip/xc16/v2.10/bin/bin/../../lib/libc99-elf.a(strcpy.XX_o)
                  0x001106                  _strcpy
 .libc.strlen     0x001114         0x30 /Applications/microchip/xc16/v2.10/bin/bin/../../lib/libc99-elf.a(strlen.XX_o)
                  0x001114                  _strlen
 .libc.__fmt_d    0x001144         0xb2 /Applications/microchip/xc16/v2.10/bin/bin/../../lib/libc99-elf.a(__fmt_d.XX_o)
                  0x001144                  ___fmt_d_needed
                  0x001144                  ___fmt_d
 .libc.__fmt_o    0x0011f6         0x6a /Applications/microchip/xc16/v2.10/bin/bin/../../lib/libc99-elf.a(__fmt_o.XX_o)
                  0x0011f6                  ___fmt_o_needed
                  0x0011f6                  ___fmt_o
 .libc.__fmt_s    0x001260         0x54 /Applications/microchip/xc16/v2.10/bin/bin/../../lib/libc99-elf.a(__fmt_s.XX_o)
                  0x001260                  ___fmt_s
                  0x001260                  ___fmt_0_needed
                  0x001260                  ___fmt_s_needed
 .libc.__cvt_u    0x0012b4         0xa6 /Applications/microchip/xc16/v2.10/bin/bin/../../lib/libc99-elf.a(__fmt_u.XX_o)
                  0x0012b4                  ___cvt_u
 .libc.__fmt_u    0x00135a         0x52 /Applications/microchip/xc16/v2.10/bin/bin/../../lib/libc99-elf.a(__fmt_u.XX_o)
                  0x00135a                  ___fmt_u_needed
                  0x00135a                  ___fmt_u
 .libc.__fmt_x    0x0013ac        0x14a /Applications/microchip/xc16/v2.10/bin/bin/../../lib/libc99-elf.a(__fmt_x.XX_o)
                  0x0013ac                  ___fmt_x
                  0x0013ac                  ___fmt_x_needed
 .libc.__vsprintf
                  0x0014f6          0x8 /Applications/microchip/xc16/v2.10/bin/bin/../../lib/libc99-elf.a(__int_vsprintf.XX_o)
                  0x0014f6                  ___vsprintf
 .libc.__pop_int
                  0x0014fe         0xa8 /Applications/microchip/xc16/v2.10/bin/bin/../../lib/libc99-elf.a(__pop_int.XX_o)
                  0x0014fe                  ___pop_int_needed
                  0x0014fe                  ___pop_int
 .libc.__pop_ptr
                  0x0015a6         0x70 /Applications/microchip/xc16/v2.10/bin/bin/../../lib/libc99-elf.a(__pop_ptr.XX_o)
                  0x0015a6                  ___pop_ptr
                  0x0015a6                  ___pop_ptr_needed
 .libc.__string_out
                  0x001616         0x26 /Applications/microchip/xc16/v2.10/bin/bin/../../lib/libc99-elf.a(__printf_core.XX_o)
                  0x001616                  ___out
 .libc.__pad      0x00163c         0x74 /Applications/microchip/xc16/v2.10/bin/bin/../../lib/libc99-elf.a(__printf_core.XX_o)
                  0x00163c                  ___pad
 .libc.__dummy_fmt3
                  0x0016b0          0x2 /Applications/microchip/xc16/v2.10/bin/bin/../../lib/libc99-elf.a(__printf_core.XX_o)
 .libc.__dummy_fmt4
                  0x0016b2          0x2 /Applications/microchip/xc16/v2.10/bin/bin/../../lib/libc99-elf.a(__printf_core.XX_o)
                  0x0016b2                  ___fmt_a
                  0x0016b2                  ___fmt_fp
 .libc.__dummy_fmts
                  0x0016b4          0x2 /Applications/microchip/xc16/v2.10/bin/bin/../../lib/libc99-elf.a(__printf_core.XX_o)
 .libc.__fmt_state
                  0x0016b6         0x2c /Applications/microchip/xc16/v2.10/bin/bin/../../lib/libc99-elf.a(__printf_core.XX_o)
                  0x0016b6                  ___fmt_state
 .libc.vfpfcnvrt.clone.0
                  0x0016e2        0x2d8 /Applications/microchip/xc16/v2.10/bin/bin/../../lib/libc99-elf.a(__printf_core.XX_o)
 .libc.__printf_core
                  0x0019ba         0x40 /Applications/microchip/xc16/v2.10/bin/bin/../../lib/libc99-elf.a(__printf_core.XX_o)
                  0x0019ba                  ___printf_core
 .libc.__isspace
                  0x0019fa         0x14 /Applications/microchip/xc16/v2.10/bin/bin/../../lib/libc99-elf.a(atoi.XX_o)
 .libc.atoi       0x001a0e         0x4c /Applications/microchip/xc16/v2.10/bin/bin/../../lib/libc99-elf.a(atoi.XX_o)
                  0x001a0e                  _atoi
 .libc.memset     0x001a5a         0xc8 /Applications/microchip/xc16/v2.10/bin/bin/../../lib/libc99-elf.a(memset.XX_o)
                  0x001a5a                  _memset
 .libc.__stpcpy
                  0x001b22         0x40 /Applications/microchip/xc16/v2.10/bin/bin/../../lib/libc99-elf.a(stpcpy.XX_o)
                  0x001b22                  _stpcpy
                  0x001b22                  ___stpcpy
 .libc.tolower    0x001b62          0xc /Applications/microchip/xc16/v2.10/bin/bin/../../lib/libc99-elf.a(tolower.XX_o)
                  0x001b62                  _tolower
 .libc.__tolower_l
                  0x001b6e          0x2 /Applications/microchip/xc16/v2.10/bin/bin/../../lib/libc99-elf.a(tolower.XX_o)
                  0x001b6e                  _tolower_l
                  0x001b6e                  ___tolower_l
 .libc.toupper    0x001b70          0xc /Applications/microchip/xc16/v2.10/bin/bin/../../lib/libc99-elf.a(toupper.XX_o)
                  0x001b70                  _toupper
 .libc.__toupper_l
                  0x001b7c          0x2 /Applications/microchip/xc16/v2.10/bin/bin/../../lib/libc99-elf.a(toupper.XX_o)
                  0x001b7c                  _toupper_l
                  0x001b7c                  ___toupper_l
 .libc.__vsnprintf
                  0x001b7e         0x4a /Applications/microchip/xc16/v2.10/bin/bin/../../lib/libc99-elf.a(__int_vsnprintf.XX_o)
                  0x001b7e                  ___vsnprintf
 .libc.__pop_float
                  0x001bc8         0x3e /Applications/microchip/xc16/v2.10/bin/bin/../../lib/libc99-elf.a(__pop_float.XX_o)
                  0x001bc8                  ___pop_float_needed
                  0x001bc8                  ___pop_float
 .libc.__vfprintf
                  0x001c06         0x1c /Applications/microchip/xc16/v2.10/bin/bin/../../lib/libc99-elf.a(__int_vfprintf.XX_o)
                  0x001c06                  ___vfprintf
 .libm.extendsfdf2
                  0x001c22         0x3e /Applications/microchip/xc16/v2.10/bin/bin/../../lib/libc99-pic30-elf.a(extendsfdf.XX_o)
                  0x001c22                  ___extendsfdf2
 .libm.eqsf2      0x001c60          0x4 /Applications/microchip/xc16/v2.10/bin/bin/../../lib/libc99-pic30-elf.a(feqltle.XX_o)
                  0x001c60                  ___lesf2
                  0x001c60                  ___eqsf2
                  0x001c60                  ___ltsf2
 .libm.gtsf2      0x001c64          0x4 /Applications/microchip/xc16/v2.10/bin/bin/../../lib/libc99-pic30-elf.a(fgtge.XX_o)
                  0x001c64                  ___gtsf2
                  0x001c64                  ___gesf2
 .libm.mulsi3     0x001c68          0xc /Applications/microchip/xc16/v2.10/bin/bin/../../lib/libc99-pic30-elf.a(mulsi3.XX_o)
                  0x001c68                  ___mulp32eds3
                  0x001c68                  ___mulp32peds3
                  0x001c68                  ___mulsi3
 .libmx           0x001c74        0x1dc /Applications/microchip/xc16/v2.10/bin/bin/../../lib/libc99-pic30-elf.a(addsf3x.XX_o)
                  0x001c74                  ___subsf3
                  0x001c74                  ___subsf3x
                  0x001c86                  ___addsf3
                  0x001c86                  ___addsf3x
 .libmx           0x001e50        0x10c /Applications/microchip/xc16/v2.10/bin/bin/../../lib/libc99-pic30-elf.a(mulsf3x.XX_o)
                  0x001e50                  ___mulsf3
                  0x001e50                  ___mulsf3x
 .libmx           0x001f5c         0x54 /Applications/microchip/xc16/v2.10/bin/bin/../../lib/libc99-pic30-elf.a(dnrmpackfx.XX_o)
                  0x001f5c                  __dnrmpackf
 .libmx           0x001fb0         0x5e /Applications/microchip/xc16/v2.10/bin/bin/../../lib/libc99-pic30-elf.a(unpackdnrmfx.XX_o)
                  0x001fb0                  __unpackdnrmf
 .libmx           0x00200e         0x12 /Applications/microchip/xc16/v2.10/bin/bin/../../lib/libc99-pic30-elf.a(propnanfx.XX_o)
                  0x00200e                  __propnanf
 .libm.__PplusBdi
                  0x002020         0x26 /Applications/microchip/xc16/v2.10/bin/bin/../../lib/libc99-pic30-elf.a(divmoddi3.XX_o)
 .libm.__PminusBdi
                  0x002046         0x26 /Applications/microchip/xc16/v2.10/bin/bin/../../lib/libc99-pic30-elf.a(divmoddi3.XX_o)
 .libm.__udivmoddi3
                  0x00206c         0xe6 /Applications/microchip/xc16/v2.10/bin/bin/../../lib/libc99-pic30-elf.a(divmoddi3.XX_o)
                  0x00206c                  ___udivmoddi3
 .libm.__udivdi3
                  0x002152          0xe /Applications/microchip/xc16/v2.10/bin/bin/../../lib/libc99-pic30-elf.a(divmoddi3.XX_o)
                  0x002152                  ___udivdi3
 .libm.__umoddi3
                  0x002160          0x8 /Applications/microchip/xc16/v2.10/bin/bin/../../lib/libc99-pic30-elf.a(divmoddi3.XX_o)
                  0x002160                  ___umoddi3
 .libm.__divdi3
                  0x002168         0x60 /Applications/microchip/xc16/v2.10/bin/bin/../../lib/libc99-pic30-elf.a(divmoddi3.XX_o)
                  0x002168                  ___divdi3
 .libm.__moddi3
                  0x0021c8         0x5c /Applications/microchip/xc16/v2.10/bin/bin/../../lib/libc99-pic30-elf.a(divmoddi3.XX_o)
                  0x0021c8                  ___moddi3
 .libm.fcompare
                  0x002224         0x36 /Applications/microchip/xc16/v2.10/bin/bin/../../lib/libc99-pic30-elf.a(fcompare.XX_o)
                  0x002224                  __fcompare
 .libm.funpack2
                  0x00225a         0x10 /Applications/microchip/xc16/v2.10/bin/bin/../../lib/libc99-pic30-elf.a(funpack2.XX_o)
                  0x00225a                  __funpack2

usercode
 *(usercode)

__FBS             0xf80000          0x2
 *(__FBS.sec*)
 __FBS.sec        0xf80000          0x2 /CW/_FBSX&Qž
                  0xf80000                  __FBS.sec

__FGS             0xf80004          0x2
 *(__FGS.sec*)
 __FGS.sec        0xf80004          0x2 /CW/_FGSX&Qž
                  0xf80004                  __FGS.sec

__FOSCSEL
 *(__FOSCSEL.sec*)

__FOSC
 *(__FOSC.sec*)

__FWDT
 *(__FWDT.sec*)

__FPOR
 *(__FPOR.sec*)

__FICD
 *(__FICD.sec*)

__FDS
 *(__FDS.sec*)

.comment
 *(.comment)

.debug_info       0x000000       0x3e68
 *(.debug_info)
 .debug_info      0x000000        0x55e build/default/production/clkChange.o
 .debug_info      0x00055e        0xea7 build/default/production/UART2.o
 .debug_info      0x001405        0x13f build/default/production/app1main.o
 .debug_info      0x001544       0x14dd build/default/production/IOs.o
 .debug_info      0x002a21        0x780 build/default/production/TimeDelay.o
 .debug_info      0x0031a1         0x90 /Applications/microchip/xc16/v2.10/bin/bin/../../lib/libc99-pic30-elf.a(fixunssfsi.XX_o)
 .debug_info      0x003231         0x8f /Applications/microchip/xc16/v2.10/bin/bin/../../lib/libc99-pic30-elf.a(floatsisf.XX_o)
 .debug_info      0x0032c0         0x91 /Applications/microchip/xc16/v2.10/bin/bin/../../lib/libc99-pic30-elf.a(floatunsisf.XX_o)
 .debug_info      0x003351         0x8d /Applications/microchip/xc16/v2.10/bin/bin/../../lib/libc99-pic30-elf.a(funpack.XX_o)
 .debug_info      0x0033de         0x9d /Applications/microchip/xc16/v2.10/bin/bin/../../lib/libc99-pic30-elf.a(divsf3x.XX_o)
 .debug_info      0x00347b         0x9c /Applications/microchip/xc16/v2.10/bin/bin/../../lib/libc99-pic30-elf.a(typefx.XX_o)
 .debug_info      0x003517         0x9d /Applications/microchip/xc16/v2.10/bin/bin/../../lib/libc99-pic30-elf.a(spackfx.XX_o)
 .debug_info      0x0035b4         0x9e /Applications/microchip/xc16/v2.10/bin/bin/../../lib/libc99-pic30-elf.a(unpackfx.XX_o)
 .debug_info      0x003652         0x8f /Applications/microchip/xc16/v2.10/bin/bin/../../lib/libc99-pic30-elf.a(floatdisf.XX_o)
 .debug_info      0x0036e1         0x91 /Applications/microchip/xc16/v2.10/bin/bin/../../lib/libc99-pic30-elf.a(floatundisf.XX_o)
 .debug_info      0x003772         0x8b /Applications/microchip/xc16/v2.10/bin/bin/../../lib/libc99-pic30-elf.a(fpack.XX_o)
 .debug_info      0x0037fd         0x90 /Applications/microchip/xc16/v2.10/bin/bin/../../lib/libc99-pic30-elf.a(extendsfdf.XX_o)
 .debug_info      0x00388d         0x8d /Applications/microchip/xc16/v2.10/bin/bin/../../lib/libc99-pic30-elf.a(feqltle.XX_o)
 .debug_info      0x00391a         0x8b /Applications/microchip/xc16/v2.10/bin/bin/../../lib/libc99-pic30-elf.a(fgtge.XX_o)
 .debug_info      0x0039a5         0x8c /Applications/microchip/xc16/v2.10/bin/bin/../../lib/libc99-pic30-elf.a(mulsi3.XX_o)
 .debug_info      0x003a31         0x9d /Applications/microchip/xc16/v2.10/bin/bin/../../lib/libc99-pic30-elf.a(addsf3x.XX_o)
 .debug_info      0x003ace         0x9d /Applications/microchip/xc16/v2.10/bin/bin/../../lib/libc99-pic30-elf.a(mulsf3x.XX_o)
 .debug_info      0x003b6b         0xa0 /Applications/microchip/xc16/v2.10/bin/bin/../../lib/libc99-pic30-elf.a(dnrmpackfx.XX_o)
 .debug_info      0x003c0b         0xa2 /Applications/microchip/xc16/v2.10/bin/bin/../../lib/libc99-pic30-elf.a(unpackdnrmfx.XX_o)
 .debug_info      0x003cad         0x9f /Applications/microchip/xc16/v2.10/bin/bin/../../lib/libc99-pic30-elf.a(propnanfx.XX_o)
 .debug_info      0x003d4c         0x8e /Applications/microchip/xc16/v2.10/bin/bin/../../lib/libc99-pic30-elf.a(fcompare.XX_o)
 .debug_info      0x003dda         0x8e /Applications/microchip/xc16/v2.10/bin/bin/../../lib/libc99-pic30-elf.a(funpack2.XX_o)
 *(.gnu.linkonce.wi.*)

.debug_abbrev     0x000000        0x781
 *(.debug_abbrev)
 .debug_abbrev    0x000000        0x123 build/default/production/clkChange.o
 .debug_abbrev    0x000123        0x136 build/default/production/UART2.o
 .debug_abbrev    0x000259         0x36 build/default/production/app1main.o
 .debug_abbrev    0x00028f        0x23c build/default/production/IOs.o
 .debug_abbrev    0x0004cb         0xfe build/default/production/TimeDelay.o
 .debug_abbrev    0x0005c9         0x14 /Applications/microchip/xc16/v2.10/bin/bin/../../lib/libc99-pic30-elf.a(fixunssfsi.XX_o)
 .debug_abbrev    0x0005dd         0x14 /Applications/microchip/xc16/v2.10/bin/bin/../../lib/libc99-pic30-elf.a(floatsisf.XX_o)
 .debug_abbrev    0x0005f1         0x14 /Applications/microchip/xc16/v2.10/bin/bin/../../lib/libc99-pic30-elf.a(floatunsisf.XX_o)
 .debug_abbrev    0x000605         0x14 /Applications/microchip/xc16/v2.10/bin/bin/../../lib/libc99-pic30-elf.a(funpack.XX_o)
 .debug_abbrev    0x000619         0x14 /Applications/microchip/xc16/v2.10/bin/bin/../../lib/libc99-pic30-elf.a(divsf3x.XX_o)
 .debug_abbrev    0x00062d         0x14 /Applications/microchip/xc16/v2.10/bin/bin/../../lib/libc99-pic30-elf.a(typefx.XX_o)
 .debug_abbrev    0x000641         0x14 /Applications/microchip/xc16/v2.10/bin/bin/../../lib/libc99-pic30-elf.a(spackfx.XX_o)
 .debug_abbrev    0x000655         0x14 /Applications/microchip/xc16/v2.10/bin/bin/../../lib/libc99-pic30-elf.a(unpackfx.XX_o)
 .debug_abbrev    0x000669         0x14 /Applications/microchip/xc16/v2.10/bin/bin/../../lib/libc99-pic30-elf.a(floatdisf.XX_o)
 .debug_abbrev    0x00067d         0x14 /Applications/microchip/xc16/v2.10/bin/bin/../../lib/libc99-pic30-elf.a(floatundisf.XX_o)
 .debug_abbrev    0x000691         0x14 /Applications/microchip/xc16/v2.10/bin/bin/../../lib/libc99-pic30-elf.a(fpack.XX_o)
 .debug_abbrev    0x0006a5         0x14 /Applications/microchip/xc16/v2.10/bin/bin/../../lib/libc99-pic30-elf.a(extendsfdf.XX_o)
 .debug_abbrev    0x0006b9         0x14 /Applications/microchip/xc16/v2.10/bin/bin/../../lib/libc99-pic30-elf.a(feqltle.XX_o)
 .debug_abbrev    0x0006cd         0x14 /Applications/microchip/xc16/v2.10/bin/bin/../../lib/libc99-pic30-elf.a(fgtge.XX_o)
 .debug_abbrev    0x0006e1         0x14 /Applications/microchip/xc16/v2.10/bin/bin/../../lib/libc99-pic30-elf.a(mulsi3.XX_o)
 .debug_abbrev    0x0006f5         0x14 /Applications/microchip/xc16/v2.10/bin/bin/../../lib/libc99-pic30-elf.a(addsf3x.XX_o)
 .debug_abbrev    0x000709         0x14 /Applications/microchip/xc16/v2.10/bin/bin/../../lib/libc99-pic30-elf.a(mulsf3x.XX_o)
 .debug_abbrev    0x00071d         0x14 /Applications/microchip/xc16/v2.10/bin/bin/../../lib/libc99-pic30-elf.a(dnrmpackfx.XX_o)
 .debug_abbrev    0x000731         0x14 /Applications/microchip/xc16/v2.10/bin/bin/../../lib/libc99-pic30-elf.a(unpackdnrmfx.XX_o)
 .debug_abbrev    0x000745         0x14 /Applications/microchip/xc16/v2.10/bin/bin/../../lib/libc99-pic30-elf.a(propnanfx.XX_o)
 .debug_abbrev    0x000759         0x14 /Applications/microchip/xc16/v2.10/bin/bin/../../lib/libc99-pic30-elf.a(fcompare.XX_o)
 .debug_abbrev    0x00076d         0x14 /Applications/microchip/xc16/v2.10/bin/bin/../../lib/libc99-pic30-elf.a(funpack2.XX_o)

.debug_line       0x000000        0xf50
 *(.debug_line)
 .debug_line      0x000000        0x111 build/default/production/clkChange.o
 .debug_line      0x000111        0x17e build/default/production/UART2.o
 .debug_line      0x00028f         0x3f build/default/production/app1main.o
 .debug_line      0x0002ce        0x1bf build/default/production/IOs.o
 .debug_line      0x00048d        0x128 build/default/production/TimeDelay.o
 .debug_line      0x0005b5         0x53 /Applications/microchip/xc16/v2.10/bin/bin/../../lib/libc99-pic30-elf.a(fixunssfsi.XX_o)
 .debug_line      0x000608         0x3a /Applications/microchip/xc16/v2.10/bin/bin/../../lib/libc99-pic30-elf.a(floatsisf.XX_o)
 .debug_line      0x000642         0x3b /Applications/microchip/xc16/v2.10/bin/bin/../../lib/libc99-pic30-elf.a(floatunsisf.XX_o)
 .debug_line      0x00067d         0x4a /Applications/microchip/xc16/v2.10/bin/bin/../../lib/libc99-pic30-elf.a(funpack.XX_o)
 .debug_line      0x0006c7        0x124 /Applications/microchip/xc16/v2.10/bin/bin/../../lib/libc99-pic30-elf.a(divsf3x.XX_o)
 .debug_line      0x0007eb         0x5e /Applications/microchip/xc16/v2.10/bin/bin/../../lib/libc99-pic30-elf.a(typefx.XX_o)
 .debug_line      0x000849         0x98 /Applications/microchip/xc16/v2.10/bin/bin/../../lib/libc99-pic30-elf.a(spackfx.XX_o)
 .debug_line      0x0008e1         0x79 /Applications/microchip/xc16/v2.10/bin/bin/../../lib/libc99-pic30-elf.a(unpackfx.XX_o)
 .debug_line      0x00095a         0x1a /Applications/microchip/xc16/v2.10/bin/bin/../../lib/libc99-pic30-elf.a(errno.XX_o)
 .debug_line      0x000974         0x47 /Applications/microchip/xc16/v2.10/bin/bin/../../lib/libc99-pic30-elf.a(floatdisf.XX_o)
 .debug_line      0x0009bb         0x6c /Applications/microchip/xc16/v2.10/bin/bin/../../lib/libc99-pic30-elf.a(floatundisf.XX_o)
 .debug_line      0x000a27         0x5a /Applications/microchip/xc16/v2.10/bin/bin/../../lib/libc99-pic30-elf.a(fpack.XX_o)
 .debug_line      0x000a81         0x59 /Applications/microchip/xc16/v2.10/bin/bin/../../lib/libc99-pic30-elf.a(extendsfdf.XX_o)
 .debug_line      0x000ada         0x37 /Applications/microchip/xc16/v2.10/bin/bin/../../lib/libc99-pic30-elf.a(feqltle.XX_o)
 .debug_line      0x000b11         0x35 /Applications/microchip/xc16/v2.10/bin/bin/../../lib/libc99-pic30-elf.a(fgtge.XX_o)
 .debug_line      0x000b46         0x3a /Applications/microchip/xc16/v2.10/bin/bin/../../lib/libc99-pic30-elf.a(mulsi3.XX_o)
 .debug_line      0x000b80        0x136 /Applications/microchip/xc16/v2.10/bin/bin/../../lib/libc99-pic30-elf.a(addsf3x.XX_o)
 .debug_line      0x000cb6         0xcc /Applications/microchip/xc16/v2.10/bin/bin/../../lib/libc99-pic30-elf.a(mulsf3x.XX_o)
 .debug_line      0x000d82         0x72 /Applications/microchip/xc16/v2.10/bin/bin/../../lib/libc99-pic30-elf.a(dnrmpackfx.XX_o)
 .debug_line      0x000df4         0x7a /Applications/microchip/xc16/v2.10/bin/bin/../../lib/libc99-pic30-elf.a(unpackdnrmfx.XX_o)
 .debug_line      0x000e6e         0x51 /Applications/microchip/xc16/v2.10/bin/bin/../../lib/libc99-pic30-elf.a(propnanfx.XX_o)
 .debug_line      0x000ebf         0x53 /Applications/microchip/xc16/v2.10/bin/bin/../../lib/libc99-pic30-elf.a(fcompare.XX_o)
 .debug_line      0x000f12         0x3e /Applications/microchip/xc16/v2.10/bin/bin/../../lib/libc99-pic30-elf.a(funpack2.XX_o)

.debug_frame      0x000000        0x272
 *(.debug_frame)
 .debug_frame     0x000000         0x2e build/default/production/clkChange.o
 .debug_frame     0x00002e         0xec build/default/production/UART2.o
 .debug_frame     0x00011a         0x2e build/default/production/app1main.o
 .debug_frame     0x000148         0xc8 build/default/production/IOs.o
 .debug_frame     0x000210         0x62 build/default/production/TimeDelay.o

.debug_str        0x000000        0x188
 *(.debug_str)
 .debug_str       0x000000         0x16 build/default/production/clkChange.o
 .debug_str       0x000016         0x59 build/default/production/UART2.o
 .debug_str       0x00006f         0xea build/default/production/IOs.o
 .debug_str       0x000159         0x2f build/default/production/TimeDelay.o

.debug_loc
 *(.debug_loc)

.debug_macinfo
 *(.debug_macinfo)

.debug_pubnames
                  0x000000        0x1ff
 *(.debug_pubnames)
 .debug_pubnames
                  0x000000         0x1d build/default/production/clkChange.o
 .debug_pubnames
                  0x00001d         0xa7 build/default/production/UART2.o
 .debug_pubnames
                  0x0000c4         0x1b build/default/production/app1main.o
 .debug_pubnames
                  0x0000df         0xdf build/default/production/IOs.o
 .debug_pubnames
                  0x0001be         0x41 build/default/production/TimeDelay.o

.debug_ranges
 *(.debug_ranges)

.debug_aranges    0x000000        0x338
 *(.debug_aranges)
 .debug_aranges
                  0x000000         0x18 build/default/production/clkChange.o
 .debug_aranges
                  0x000018         0x18 build/default/production/UART2.o
 .debug_aranges
                  0x000030         0x18 build/default/production/app1main.o
 .debug_aranges
                  0x000048         0x18 build/default/production/IOs.o
 .debug_aranges
                  0x000060         0x18 build/default/production/TimeDelay.o
 .debug_aranges
                  0x000078         0x20 /Applications/microchip/xc16/v2.10/bin/bin/../../lib/libc99-pic30-elf.a(fixunssfsi.XX_o)
 .debug_aranges
                  0x000098         0x20 /Applications/microchip/xc16/v2.10/bin/bin/../../lib/libc99-pic30-elf.a(floatsisf.XX_o)
 .debug_aranges
                  0x0000b8         0x20 /Applications/microchip/xc16/v2.10/bin/bin/../../lib/libc99-pic30-elf.a(floatunsisf.XX_o)
 .debug_aranges
                  0x0000d8         0x20 /Applications/microchip/xc16/v2.10/bin/bin/../../lib/libc99-pic30-elf.a(funpack.XX_o)
 .debug_aranges
                  0x0000f8         0x20 /Applications/microchip/xc16/v2.10/bin/bin/../../lib/libc99-pic30-elf.a(divsf3x.XX_o)
 .debug_aranges
                  0x000118         0x20 /Applications/microchip/xc16/v2.10/bin/bin/../../lib/libc99-pic30-elf.a(typefx.XX_o)
 .debug_aranges
                  0x000138         0x20 /Applications/microchip/xc16/v2.10/bin/bin/../../lib/libc99-pic30-elf.a(spackfx.XX_o)
 .debug_aranges
                  0x000158         0x20 /Applications/microchip/xc16/v2.10/bin/bin/../../lib/libc99-pic30-elf.a(unpackfx.XX_o)
 .debug_aranges
                  0x000178         0x20 /Applications/microchip/xc16/v2.10/bin/bin/../../lib/libc99-pic30-elf.a(floatdisf.XX_o)
 .debug_aranges
                  0x000198         0x20 /Applications/microchip/xc16/v2.10/bin/bin/../../lib/libc99-pic30-elf.a(floatundisf.XX_o)
 .debug_aranges
                  0x0001b8         0x20 /Applications/microchip/xc16/v2.10/bin/bin/../../lib/libc99-pic30-elf.a(fpack.XX_o)
 .debug_aranges
                  0x0001d8         0x20 /Applications/microchip/xc16/v2.10/bin/bin/../../lib/libc99-pic30-elf.a(extendsfdf.XX_o)
 .debug_aranges
                  0x0001f8         0x20 /Applications/microchip/xc16/v2.10/bin/bin/../../lib/libc99-pic30-elf.a(feqltle.XX_o)
 .debug_aranges
                  0x000218         0x20 /Applications/microchip/xc16/v2.10/bin/bin/../../lib/libc99-pic30-elf.a(fgtge.XX_o)
 .debug_aranges
                  0x000238         0x20 /Applications/microchip/xc16/v2.10/bin/bin/../../lib/libc99-pic30-elf.a(mulsi3.XX_o)
 .debug_aranges
                  0x000258         0x20 /Applications/microchip/xc16/v2.10/bin/bin/../../lib/libc99-pic30-elf.a(addsf3x.XX_o)
 .debug_aranges
                  0x000278         0x20 /Applications/microchip/xc16/v2.10/bin/bin/../../lib/libc99-pic30-elf.a(mulsf3x.XX_o)
 .debug_aranges
                  0x000298         0x20 /Applications/microchip/xc16/v2.10/bin/bin/../../lib/libc99-pic30-elf.a(dnrmpackfx.XX_o)
 .debug_aranges
                  0x0002b8         0x20 /Applications/microchip/xc16/v2.10/bin/bin/../../lib/libc99-pic30-elf.a(unpackdnrmfx.XX_o)
 .debug_aranges
                  0x0002d8         0x20 /Applications/microchip/xc16/v2.10/bin/bin/../../lib/libc99-pic30-elf.a(propnanfx.XX_o)
 .debug_aranges
                  0x0002f8         0x20 /Applications/microchip/xc16/v2.10/bin/bin/../../lib/libc99-pic30-elf.a(fcompare.XX_o)
 .debug_aranges
                  0x000318         0x20 /Applications/microchip/xc16/v2.10/bin/bin/../../lib/libc99-pic30-elf.a(funpack2.XX_o)
                    0x0000                  WREG0 = 0x0
                    0x0000                  _WREG0 = 0x0
                    0x0002                  WREG1 = 0x2
                    0x0002                  _WREG1 = 0x2
                    0x0004                  WREG2 = 0x4
                    0x0004                  _WREG2 = 0x4
                    0x0006                  WREG3 = 0x6
                    0x0006                  _WREG3 = 0x6
                    0x0008                  WREG4 = 0x8
                    0x0008                  _WREG4 = 0x8
                    0x000a                  WREG5 = 0xa
                    0x000a                  _WREG5 = 0xa
                    0x000c                  WREG6 = 0xc
                    0x000c                  _WREG6 = 0xc
                    0x000e                  WREG7 = 0xe
                    0x000e                  _WREG7 = 0xe
                    0x0010                  WREG8 = 0x10
                    0x0010                  _WREG8 = 0x10
                    0x0012                  WREG9 = 0x12
                    0x0012                  _WREG9 = 0x12
                    0x0014                  WREG10 = 0x14
                    0x0014                  _WREG10 = 0x14
                    0x0016                  WREG11 = 0x16
                    0x0016                  _WREG11 = 0x16
                    0x0018                  WREG12 = 0x18
                    0x0018                  _WREG12 = 0x18
                    0x001a                  WREG13 = 0x1a
                    0x001a                  _WREG13 = 0x1a
                    0x001c                  WREG14 = 0x1c
                    0x001c                  _WREG14 = 0x1c
                    0x001e                  WREG15 = 0x1e
                    0x001e                  _WREG15 = 0x1e
                    0x0020                  SPLIM = 0x20
                    0x0020                  _SPLIM = 0x20
                    0x002e                  PCL = 0x2e
                    0x002e                  _PCL = 0x2e
                    0x0030                  PCH = 0x30
                    0x0030                  _PCH = 0x30
                    0x0032                  TBLPAG = 0x32
                    0x0032                  _TBLPAG = 0x32
                    0x0034                  PSVPAG = 0x34
                    0x0034                  _PSVPAG = 0x34
                    0x0036                  RCOUNT = 0x36
                    0x0036                  _RCOUNT = 0x36
                    0x0042                  SR = 0x42
                    0x0042                  _SR = 0x42
                    0x0042                  _SRbits = 0x42
                    0x0044                  CORCON = 0x44
                    0x0044                  _CORCON = 0x44
                    0x0044                  _CORCONbits = 0x44
                    0x0052                  DISICNT = 0x52
                    0x0052                  _DISICNT = 0x52
                    0x0060                  CNEN1 = 0x60
                    0x0060                  _CNEN1 = 0x60
                    0x0060                  _CNEN1bits = 0x60
                    0x0062                  CNEN2 = 0x62
                    0x0062                  _CNEN2 = 0x62
                    0x0062                  _CNEN2bits = 0x62
                    0x0068                  CNPU1 = 0x68
                    0x0068                  _CNPU1 = 0x68
                    0x0068                  _CNPU1bits = 0x68
                    0x006a                  CNPU2 = 0x6a
                    0x006a                  _CNPU2 = 0x6a
                    0x006a                  _CNPU2bits = 0x6a
                    0x0070                  CNPD1 = 0x70
                    0x0070                  _CNPD1 = 0x70
                    0x0070                  _CNPD1bits = 0x70
                    0x0072                  CNPD2 = 0x72
                    0x0072                  _CNPD2 = 0x72
                    0x0072                  _CNPD2bits = 0x72
                    0x0080                  INTCON1 = 0x80
                    0x0080                  _INTCON1 = 0x80
                    0x0080                  _INTCON1bits = 0x80
                    0x0082                  INTCON2 = 0x82
                    0x0082                  _INTCON2 = 0x82
                    0x0082                  _INTCON2bits = 0x82
                    0x0084                  IFS0 = 0x84
                    0x0084                  _IFS0 = 0x84
                    0x0084                  _IFS0bits = 0x84
                    0x0086                  IFS1 = 0x86
                    0x0086                  _IFS1 = 0x86
                    0x0086                  _IFS1bits = 0x86
                    0x008a                  IFS3 = 0x8a
                    0x008a                  _IFS3 = 0x8a
                    0x008a                  _IFS3bits = 0x8a
                    0x008c                  IFS4 = 0x8c
                    0x008c                  _IFS4 = 0x8c
                    0x008c                  _IFS4bits = 0x8c
                    0x0094                  IEC0 = 0x94
                    0x0094                  _IEC0 = 0x94
                    0x0094                  _IEC0bits = 0x94
                    0x0096                  IEC1 = 0x96
                    0x0096                  _IEC1 = 0x96
                    0x0096                  _IEC1bits = 0x96
                    0x009a                  IEC3 = 0x9a
                    0x009a                  _IEC3 = 0x9a
                    0x009a                  _IEC3bits = 0x9a
                    0x009c                  IEC4 = 0x9c
                    0x009c                  _IEC4 = 0x9c
                    0x009c                  _IEC4bits = 0x9c
                    0x00a4                  IPC0 = 0xa4
                    0x00a4                  _IPC0 = 0xa4
                    0x00a4                  _IPC0bits = 0xa4
                    0x00a6                  IPC1 = 0xa6
                    0x00a6                  _IPC1 = 0xa6
                    0x00a6                  _IPC1bits = 0xa6
                    0x00a8                  IPC2 = 0xa8
                    0x00a8                  _IPC2 = 0xa8
                    0x00a8                  _IPC2bits = 0xa8
                    0x00aa                  IPC3 = 0xaa
                    0x00aa                  _IPC3 = 0xaa
                    0x00aa                  _IPC3bits = 0xaa
                    0x00ac                  IPC4 = 0xac
                    0x00ac                  _IPC4 = 0xac
                    0x00ac                  _IPC4bits = 0xac
                    0x00ae                  IPC5 = 0xae
                    0x00ae                  _IPC5 = 0xae
                    0x00ae                  _IPC5bits = 0xae
                    0x00b2                  IPC7 = 0xb2
                    0x00b2                  _IPC7 = 0xb2
                    0x00b2                  _IPC7bits = 0xb2
                    0x00c2                  IPC15 = 0xc2
                    0x00c2                  _IPC15 = 0xc2
                    0x00c2                  _IPC15bits = 0xc2
                    0x00c4                  IPC16 = 0xc4
                    0x00c4                  _IPC16 = 0xc4
                    0x00c4                  _IPC16bits = 0xc4
                    0x00c8                  IPC18 = 0xc8
                    0x00c8                  _IPC18 = 0xc8
                    0x00c8                  _IPC18bits = 0xc8
                    0x00ca                  IPC19 = 0xca
                    0x00ca                  _IPC19 = 0xca
                    0x00ca                  _IPC19bits = 0xca
                    0x00e0                  INTTREG = 0xe0
                    0x00e0                  _INTTREG = 0xe0
                    0x00e0                  _INTTREGbits = 0xe0
                    0x0100                  TMR1 = 0x100
                    0x0100                  _TMR1 = 0x100
                    0x0102                  PR1 = 0x102
                    0x0102                  _PR1 = 0x102
                    0x0104                  T1CON = 0x104
                    0x0104                  _T1CON = 0x104
                    0x0104                  _T1CONbits = 0x104
                    0x0106                  TMR2 = 0x106
                    0x0106                  _TMR2 = 0x106
                    0x0108                  TMR3HLD = 0x108
                    0x0108                  _TMR3HLD = 0x108
                    0x010a                  TMR3 = 0x10a
                    0x010a                  _TMR3 = 0x10a
                    0x010c                  PR2 = 0x10c
                    0x010c                  _PR2 = 0x10c
                    0x010e                  PR3 = 0x10e
                    0x010e                  _PR3 = 0x10e
                    0x0110                  T2CON = 0x110
                    0x0110                  _T2CON = 0x110
                    0x0110                  _T2CONbits = 0x110
                    0x0112                  T3CON = 0x112
                    0x0112                  _T3CON = 0x112
                    0x0112                  _T3CONbits = 0x112
                    0x0140                  IC1BUF = 0x140
                    0x0140                  _IC1BUF = 0x140
                    0x0142                  IC1CON = 0x142
                    0x0142                  _IC1CON = 0x142
                    0x0142                  _IC1CONbits = 0x142
                    0x0180                  OC1RS = 0x180
                    0x0180                  _OC1RS = 0x180
                    0x0182                  OC1R = 0x182
                    0x0182                  _OC1R = 0x182
                    0x0184                  OC1CON = 0x184
                    0x0184                  _OC1CON = 0x184
                    0x0184                  _OC1CONbits = 0x184
                    0x0200                  I2C1RCV = 0x200
                    0x0200                  _I2C1RCV = 0x200
                    0x0202                  I2C1TRN = 0x202
                    0x0202                  _I2C1TRN = 0x202
                    0x0204                  I2C1BRG = 0x204
                    0x0204                  _I2C1BRG = 0x204
                    0x0206                  I2C1CON = 0x206
                    0x0206                  _I2C1CON = 0x206
                    0x0206                  _I2C1CONbits = 0x206
                    0x0208                  I2C1STAT = 0x208
                    0x0208                  _I2C1STAT = 0x208
                    0x0208                  _I2C1STATbits = 0x208
                    0x020a                  I2C1ADD = 0x20a
                    0x020a                  _I2C1ADD = 0x20a
                    0x020c                  I2C1MSK = 0x20c
                    0x020c                  _I2C1MSK = 0x20c
                    0x020c                  _I2C1MSKbits = 0x20c
                    0x0220                  U1MODE = 0x220
                    0x0220                  _U1MODE = 0x220
                    0x0220                  _U1MODEbits = 0x220
                    0x0222                  U1STA = 0x222
                    0x0222                  _U1STA = 0x222
                    0x0222                  _U1STAbits = 0x222
                    0x0224                  U1TXREG = 0x224
                    0x0224                  _U1TXREG = 0x224
                    0x0226                  U1RXREG = 0x226
                    0x0226                  _U1RXREG = 0x226
                    0x0228                  U1BRG = 0x228
                    0x0228                  _U1BRG = 0x228
                    0x0230                  U2MODE = 0x230
                    0x0230                  _U2MODE = 0x230
                    0x0230                  _U2MODEbits = 0x230
                    0x0232                  U2STA = 0x232
                    0x0232                  _U2STA = 0x232
                    0x0232                  _U2STAbits = 0x232
                    0x0234                  U2TXREG = 0x234
                    0x0234                  _U2TXREG = 0x234
                    0x0236                  U2RXREG = 0x236
                    0x0236                  _U2RXREG = 0x236
                    0x0238                  U2BRG = 0x238
                    0x0238                  _U2BRG = 0x238
                    0x0240                  SPI1STAT = 0x240
                    0x0240                  _SPI1STAT = 0x240
                    0x0240                  _SPI1STATbits = 0x240
                    0x0242                  SPI1CON1 = 0x242
                    0x0242                  _SPI1CON1 = 0x242
                    0x0242                  _SPI1CON1bits = 0x242
                    0x0244                  SPI1CON2 = 0x244
                    0x0244                  _SPI1CON2 = 0x244
                    0x0244                  _SPI1CON2bits = 0x244
                    0x0248                  SPI1BUF = 0x248
                    0x0248                  _SPI1BUF = 0x248
                    0x02c0                  TRISA = 0x2c0
                    0x02c0                  _TRISA = 0x2c0
                    0x02c0                  _TRISAbits = 0x2c0
                    0x02c2                  PORTA = 0x2c2
                    0x02c2                  _PORTA = 0x2c2
                    0x02c2                  _PORTAbits = 0x2c2
                    0x02c4                  LATA = 0x2c4
                    0x02c4                  _LATA = 0x2c4
                    0x02c4                  _LATAbits = 0x2c4
                    0x02c6                  ODCA = 0x2c6
                    0x02c6                  _ODCA = 0x2c6
                    0x02c6                  _ODCAbits = 0x2c6
                    0x02c8                  TRISB = 0x2c8
                    0x02c8                  _TRISB = 0x2c8
                    0x02c8                  _TRISBbits = 0x2c8
                    0x02ca                  PORTB = 0x2ca
                    0x02ca                  _PORTB = 0x2ca
                    0x02ca                  _PORTBbits = 0x2ca
                    0x02cc                  LATB = 0x2cc
                    0x02cc                  _LATB = 0x2cc
                    0x02cc                  _LATBbits = 0x2cc
                    0x02ce                  ODCB = 0x2ce
                    0x02ce                  _ODCB = 0x2ce
                    0x02ce                  _ODCBbits = 0x2ce
                    0x02fc                  PADCFG1 = 0x2fc
                    0x02fc                  _PADCFG1 = 0x2fc
                    0x02fc                  _PADCFG1bits = 0x2fc
                    0x0300                  ADC1BUF0 = 0x300
                    0x0300                  _ADC1BUF0 = 0x300
                    0x0302                  ADC1BUF1 = 0x302
                    0x0302                  _ADC1BUF1 = 0x302
                    0x0304                  ADC1BUF2 = 0x304
                    0x0304                  _ADC1BUF2 = 0x304
                    0x0306                  ADC1BUF3 = 0x306
                    0x0306                  _ADC1BUF3 = 0x306
                    0x0308                  ADC1BUF4 = 0x308
                    0x0308                  _ADC1BUF4 = 0x308
                    0x030a                  ADC1BUF5 = 0x30a
                    0x030a                  _ADC1BUF5 = 0x30a
                    0x030c                  ADC1BUF6 = 0x30c
                    0x030c                  _ADC1BUF6 = 0x30c
                    0x030e                  ADC1BUF7 = 0x30e
                    0x030e                  _ADC1BUF7 = 0x30e
                    0x0310                  ADC1BUF8 = 0x310
                    0x0310                  _ADC1BUF8 = 0x310
                    0x0312                  ADC1BUF9 = 0x312
                    0x0312                  _ADC1BUF9 = 0x312
                    0x0314                  ADC1BUFA = 0x314
                    0x0314                  _ADC1BUFA = 0x314
                    0x0316                  ADC1BUFB = 0x316
                    0x0316                  _ADC1BUFB = 0x316
                    0x0318                  ADC1BUFC = 0x318
                    0x0318                  _ADC1BUFC = 0x318
                    0x031a                  ADC1BUFD = 0x31a
                    0x031a                  _ADC1BUFD = 0x31a
                    0x031c                  ADC1BUFE = 0x31c
                    0x031c                  _ADC1BUFE = 0x31c
                    0x031e                  ADC1BUFF = 0x31e
                    0x031e                  _ADC1BUFF = 0x31e
                    0x0320                  AD1CON1 = 0x320
                    0x0320                  _AD1CON1 = 0x320
                    0x0320                  _AD1CON1bits = 0x320
                    0x0322                  AD1CON2 = 0x322
                    0x0322                  _AD1CON2 = 0x322
                    0x0322                  _AD1CON2bits = 0x322
                    0x0324                  AD1CON3 = 0x324
                    0x0324                  _AD1CON3 = 0x324
                    0x0324                  _AD1CON3bits = 0x324
                    0x0328                  AD1CHS = 0x328
                    0x0328                  _AD1CHS = 0x328
                    0x0328                  _AD1CHSbits = 0x328
                    0x032c                  AD1PCFG = 0x32c
                    0x032c                  _AD1PCFG = 0x32c
                    0x032c                  _AD1PCFGbits = 0x32c
                    0x0330                  AD1CSSL = 0x330
                    0x0330                  _AD1CSSL = 0x330
                    0x0330                  _AD1CSSLbits = 0x330
                    0x033c                  CTMUCON = 0x33c
                    0x033c                  _CTMUCON = 0x33c
                    0x033c                  _CTMUCONbits = 0x33c
                    0x033e                  CTMUICON = 0x33e
                    0x033e                  _CTMUICON = 0x33e
                    0x033e                  _CTMUICONbits = 0x33e
                    0x0620                  ALRMVAL = 0x620
                    0x0620                  _ALRMVAL = 0x620
                    0x0622                  ALCFGRPT = 0x622
                    0x0622                  _ALCFGRPT = 0x622
                    0x0622                  _ALCFGRPTbits = 0x622
                    0x0624                  RTCVAL = 0x624
                    0x0624                  _RTCVAL = 0x624
                    0x0626                  RCFGCAL = 0x626
                    0x0626                  _RCFGCAL = 0x626
                    0x0626                  _RCFGCALbits = 0x626
                    0x0630                  CMSTAT = 0x630
                    0x0630                  _CMSTAT = 0x630
                    0x0630                  _CMSTATbits = 0x630
                    0x0632                  CVRCON = 0x632
                    0x0632                  _CVRCON = 0x632
                    0x0632                  _CVRCONbits = 0x632
                    0x0634                  CM1CON = 0x634
                    0x0634                  _CM1CON = 0x634
                    0x0634                  _CM1CONbits = 0x634
                    0x0636                  CM2CON = 0x636
                    0x0636                  _CM2CON = 0x636
                    0x0636                  _CM2CONbits = 0x636
                    0x0640                  CRCCON = 0x640
                    0x0640                  _CRCCON = 0x640
                    0x0640                  _CRCCONbits = 0x640
                    0x0642                  CRCXOR = 0x642
                    0x0642                  _CRCXOR = 0x642
                    0x0644                  CRCDAT = 0x644
                    0x0644                  _CRCDAT = 0x644
                    0x0646                  CRCWDAT = 0x646
                    0x0646                  _CRCWDAT = 0x646
                    0x0740                  RCON = 0x740
                    0x0740                  _RCON = 0x740
                    0x0740                  _RCONbits = 0x740
                    0x0742                  OSCCON = 0x742
                    0x0742                  _OSCCON = 0x742
                    0x0742                  _OSCCONbits = 0x742
                    0x0742                  OSCCONL = 0x742
                    0x0742                  _OSCCONL = 0x742
                    0x0743                  OSCCONH = 0x743
                    0x0743                  _OSCCONH = 0x743
                    0x0744                  CLKDIV = 0x744
                    0x0744                  _CLKDIV = 0x744
                    0x0744                  _CLKDIVbits = 0x744
                    0x0748                  OSCTUN = 0x748
                    0x0748                  _OSCTUN = 0x748
                    0x0748                  _OSCTUNbits = 0x748
                    0x074e                  REFOCON = 0x74e
                    0x074e                  _REFOCON = 0x74e
                    0x074e                  _REFOCONbits = 0x74e
                    0x0756                  HLVDCON = 0x756
                    0x0756                  _HLVDCON = 0x756
                    0x0756                  _HLVDCONbits = 0x756
                    0x0758                  DSCON = 0x758
                    0x0758                  _DSCON = 0x758
                    0x0758                  _DSCONbits = 0x758
                    0x075a                  DSWAKE = 0x75a
                    0x075a                  _DSWAKE = 0x75a
                    0x075a                  _DSWAKEbits = 0x75a
                    0x075a                  DSWSRC = 0x75a
                    0x075a                  _DSWSRC = 0x75a
                    0x075a                  _DSWSRCbits = 0x75a
                    0x075c                  DSGPR0 = 0x75c
                    0x075c                  _DSGPR0 = 0x75c
                    0x075e                  DSGPR1 = 0x75e
                    0x075e                  _DSGPR1 = 0x75e
                    0x0760                  NVMCON = 0x760
                    0x0760                  _NVMCON = 0x760
                    0x0760                  _NVMCONbits = 0x760
                    0x0766                  NVMKEY = 0x766
                    0x0766                  _NVMKEY = 0x766
                    0x0766                  _NVMKEYbits = 0x766
                    0x0770                  PMD1 = 0x770
                    0x0770                  _PMD1 = 0x770
                    0x0770                  _PMD1bits = 0x770
                    0x0772                  PMD2 = 0x772
                    0x0772                  _PMD2 = 0x772
                    0x0772                  _PMD2bits = 0x772
                    0x0774                  PMD3 = 0x774
                    0x0774                  _PMD3 = 0x774
                    0x0774                  _PMD3bits = 0x774
                    0x0776                  PMD4 = 0x776
                    0x0776                  _PMD4 = 0x776
                    0x0776                  _PMD4bits = 0x776
                    0x0140                  IC1 = 0x140
                    0x0140                  _IC1 = 0x140
                    0x0180                  OC1 = 0x180
                    0x0180                  _OC1 = 0x180
                    0x0240                  SPI1 = 0x240
                    0x0240                  _SPI1 = 0x240
                    0x0220                  UART1 = 0x220
                    0x0220                  _UART1 = 0x220
                    0x0230                  UART2 = 0x230
                    0x0230                  _UART2 = 0x230
START GROUP
LOAD /Applications/microchip/xc16/v2.10/bin/bin/../../lib/libc99-pic30-elf.a
LOAD /Applications/microchip/xc16/v2.10/bin/bin/../../lib/libm-elf.a
LOAD /Applications/microchip/xc16/v2.10/bin/bin/../../lib/libc99-elf.a
END GROUP
OUTPUT(dist/default/production/Appproject1.X.production.elf elf32-pic30)
LOAD /CW/_FGSX&Qž
LOAD /CW/_FBSX&Qž
LOAD jump_table
LOAD default_isr
LOAD data_init

.debug_pubtypes
                  0x000338        0x432
 .debug_pubtypes
                  0x000338         0x86 build/default/production/clkChange.o
 .debug_pubtypes
                  0x0003be        0x11f build/default/production/UART2.o
 .debug_pubtypes
                  0x0004dd         0x12 build/default/production/app1main.o
 .debug_pubtypes
                  0x0004ef        0x1c7 build/default/production/IOs.o
 .debug_pubtypes
                  0x0006b6         0xb4 build/default/production/TimeDelay.o

__c30_signature
                  0x00076a        0x12c
 __c30_signature
                  0x00076a          0x6 build/default/production/clkChange.o
 __c30_signature
                  0x000770          0x6 build/default/production/UART2.o
 __c30_signature
                  0x000776          0x6 build/default/production/app1main.o
 __c30_signature
                  0x00077c          0x6 build/default/production/IOs.o
 __c30_signature
                  0x000782          0x6 build/default/production/TimeDelay.o
 __c30_signature
                  0x000788          0x6 /Applications/microchip/xc16/v2.10/bin/bin/../../lib/libc99-pic30-elf.a(crt0_standard.o)
 __c30_signature
                  0x00078e          0x6 /Applications/microchip/xc16/v2.10/bin/bin/../../lib/libc99-pic30-elf.a(data_init_standard.o)
 __c30_signature
                  0x000794          0x6 /Applications/microchip/xc16/v2.10/bin/bin/../../lib/libc99-pic30-elf.a(fixunssfsi.XX_o)
 __c30_signature
                  0x00079a          0x6 /Applications/microchip/xc16/v2.10/bin/bin/../../lib/libc99-pic30-elf.a(floatsisf.XX_o)
 __c30_signature
                  0x0007a0          0x6 /Applications/microchip/xc16/v2.10/bin/bin/../../lib/libc99-pic30-elf.a(floatunsisf.XX_o)
 __c30_signature
                  0x0007a6          0x6 /Applications/microchip/xc16/v2.10/bin/bin/../../lib/libc99-pic30-elf.a(funpack.XX_o)
 __c30_signature
                  0x0007ac          0x6 /Applications/microchip/xc16/v2.10/bin/bin/../../lib/libc99-pic30-elf.a(errno.XX_o)
 __c30_signature
                  0x0007b2          0x6 /Applications/microchip/xc16/v2.10/bin/bin/../../lib/libc99-pic30-elf.a(floatdisf.XX_o)
 __c30_signature
                  0x0007b8          0x6 /Applications/microchip/xc16/v2.10/bin/bin/../../lib/libc99-pic30-elf.a(floatundisf.XX_o)
 __c30_signature
                  0x0007be          0x6 /Applications/microchip/xc16/v2.10/bin/bin/../../lib/libc99-pic30-elf.a(fpack.XX_o)
 __c30_signature
                  0x0007c4          0x6 /Applications/microchip/xc16/v2.10/bin/bin/../../lib/libm-elf.a(powf.XX_o)
 __c30_signature
                  0x0007ca          0x6 /Applications/microchip/xc16/v2.10/bin/bin/../../lib/libm-elf.a(scalbnf.XX_o)
 __c30_signature
                  0x0007d0          0x6 /Applications/microchip/xc16/v2.10/bin/bin/../../lib/libm-elf.a(sqrtf.XX_o)
 __c30_signature
                  0x0007d6          0x6 /Applications/microchip/xc16/v2.10/bin/bin/../../lib/libm-elf.a(fabsf.XX_o)
 __c30_signature
                  0x0007dc          0x6 /Applications/microchip/xc16/v2.10/bin/bin/../../lib/libc99-elf.a(__errno_location.XX_o)
 __c30_signature
                  0x0007e2          0x6 /Applications/microchip/xc16/v2.10/bin/bin/../../lib/libc99-elf.a(__sio_sprintf_doux.XX_o)
 __c30_signature
                  0x0007e8          0x6 /Applications/microchip/xc16/v2.10/bin/bin/../../lib/libc99-elf.a(memcpy.XX_o)
 __c30_signature
                  0x0007ee          0x6 /Applications/microchip/xc16/v2.10/bin/bin/../../lib/libc99-elf.a(strcat.XX_o)
 __c30_signature
                  0x0007f4          0x6 /Applications/microchip/xc16/v2.10/bin/bin/../../lib/libc99-elf.a(strcmp.XX_o)
 __c30_signature
                  0x0007fa          0x6 /Applications/microchip/xc16/v2.10/bin/bin/../../lib/libc99-elf.a(strcpy.XX_o)
 __c30_signature
                  0x000800          0x6 /Applications/microchip/xc16/v2.10/bin/bin/../../lib/libc99-elf.a(strlen.XX_o)
 __c30_signature
                  0x000806          0x6 /Applications/microchip/xc16/v2.10/bin/bin/../../lib/libc99-elf.a(__fmt_d.XX_o)
 __c30_signature
                  0x00080c          0x6 /Applications/microchip/xc16/v2.10/bin/bin/../../lib/libc99-elf.a(__fmt_o.XX_o)
 __c30_signature
                  0x000812          0x6 /Applications/microchip/xc16/v2.10/bin/bin/../../lib/libc99-elf.a(__fmt_s.XX_o)
 __c30_signature
                  0x000818          0x6 /Applications/microchip/xc16/v2.10/bin/bin/../../lib/libc99-elf.a(__fmt_u.XX_o)
 __c30_signature
                  0x00081e          0x6 /Applications/microchip/xc16/v2.10/bin/bin/../../lib/libc99-elf.a(__fmt_x.XX_o)
 __c30_signature
                  0x000824          0x6 /Applications/microchip/xc16/v2.10/bin/bin/../../lib/libc99-elf.a(__int_vsprintf.XX_o)
 __c30_signature
                  0x00082a          0x6 /Applications/microchip/xc16/v2.10/bin/bin/../../lib/libc99-elf.a(__pop_int.XX_o)
 __c30_signature
                  0x000830          0x6 /Applications/microchip/xc16/v2.10/bin/bin/../../lib/libc99-elf.a(__pop_ptr.XX_o)
 __c30_signature
                  0x000836          0x6 /Applications/microchip/xc16/v2.10/bin/bin/../../lib/libc99-elf.a(__printf_core.XX_o)
 __c30_signature
                  0x00083c          0x6 /Applications/microchip/xc16/v2.10/bin/bin/../../lib/libc99-elf.a(atoi.XX_o)
 __c30_signature
                  0x000842          0x6 /Applications/microchip/xc16/v2.10/bin/bin/../../lib/libc99-elf.a(memset.XX_o)
 __c30_signature
                  0x000848          0x6 /Applications/microchip/xc16/v2.10/bin/bin/../../lib/libc99-elf.a(stpcpy.XX_o)
 __c30_signature
                  0x00084e          0x6 /Applications/microchip/xc16/v2.10/bin/bin/../../lib/libc99-elf.a(tolower.XX_o)
 __c30_signature
                  0x000854          0x6 /Applications/microchip/xc16/v2.10/bin/bin/../../lib/libc99-elf.a(toupper.XX_o)
 __c30_signature
                  0x00085a          0x6 /Applications/microchip/xc16/v2.10/bin/bin/../../lib/libc99-elf.a(__int_vsnprintf.XX_o)
 __c30_signature
                  0x000860          0x6 /Applications/microchip/xc16/v2.10/bin/bin/../../lib/libc99-elf.a(__pop_float.XX_o)
 __c30_signature
                  0x000866          0x6 /Applications/microchip/xc16/v2.10/bin/bin/../../lib/libc99-elf.a(__int_vfprintf.XX_o)
 __c30_signature
                  0x00086c          0x6 /Applications/microchip/xc16/v2.10/bin/bin/../../lib/libc99-pic30-elf.a(extendsfdf.XX_o)
 __c30_signature
                  0x000872          0x6 /Applications/microchip/xc16/v2.10/bin/bin/../../lib/libc99-pic30-elf.a(feqltle.XX_o)
 __c30_signature
                  0x000878          0x6 /Applications/microchip/xc16/v2.10/bin/bin/../../lib/libc99-pic30-elf.a(fgtge.XX_o)
 __c30_signature
                  0x00087e          0x6 /Applications/microchip/xc16/v2.10/bin/bin/../../lib/libc99-pic30-elf.a(mulsi3.XX_o)
 __c30_signature
                  0x000884          0x6 /Applications/microchip/xc16/v2.10/bin/bin/../../lib/libc99-pic30-elf.a(divmoddi3.XX_o)
 __c30_signature
                  0x00088a          0x6 /Applications/microchip/xc16/v2.10/bin/bin/../../lib/libc99-pic30-elf.a(fcompare.XX_o)
 __c30_signature
                  0x000890          0x6 /Applications/microchip/xc16/v2.10/bin/bin/../../lib/libc99-pic30-elf.a(funpack2.XX_o)

.nbss               0x0800         0x16
 .nbss              0x0800         0x10 build/default/production/IOs.o
                    0x0800                  _PB3_event
                    0x0802                  _PB2_event
                    0x0804                  _PB1_event
                    0x0806                  _minutes
                    0x0808                  _seconds
                    0x080a                  _go
                    0x080c                  _faster
                    0x080e                  _timer
 .nbss              0x0810          0x4 build/default/production/UART2.o
                    0x0810                  _clkval
                    0x0812                  _lastStrLen
 .nbss              0x0814          0x2 /Applications/microchip/xc16/v2.10/bin/bin/../../lib/libc99-pic30-elf.a(errno.XX_o)
                    0x0814                  _errno

.data               0x0816         0x36
 .data              0x0816         0x1e /Applications/microchip/xc16/v2.10/bin/bin/../../lib/libc99-elf.a(__printf_core.XX_o)
 .data              0x0834         0x18 /Applications/microchip/xc16/v2.10/bin/bin/../../lib/libm-elf.a(powf.XX_o)

.bss                0x084c          0x2
 .bss               0x084c          0x2 /Applications/microchip/xc16/v2.10/bin/bin/../../lib/libc99-elf.a(__errno_location.XX_o)
                    0x084c                  ___errno_val

.ivt._U2RXInterrupt
                  0x000050          0x2
 .ivt._U2RXInterrupt
                  0x000050          0x2 build/default/production/UART2.o

.ivt._U2TXInterrupt
                  0x000052          0x2
 .ivt._U2TXInterrupt
                  0x000052          0x2 build/default/production/UART2.o

.config_DSWDTEN
                  0xf80010          0x2
 .config_DSWDTEN
                  0xf80010          0x2 build/default/production/app1main.o

.config_BKBUG     0xf8000e          0x2
 .config_BKBUG    0xf8000e          0x2 build/default/production/app1main.o

.config_MCLRE     0xf8000c          0x2
 .config_MCLRE    0xf8000c          0x2 build/default/production/app1main.o

.config_FWDTEN    0xf8000a          0x2
 .config_FWDTEN
                  0xf8000a          0x2 build/default/production/app1main.o

.config_FCKSM     0xf80008          0x2
 .config_FCKSM    0xf80008          0x2 build/default/production/app1main.o

.config_IESO      0xf80006          0x2
 .config_IESO     0xf80006          0x2 build/default/production/app1main.o

.ivt._CNInterrupt
                  0x00003a          0x2
 .ivt._CNInterrupt
                  0x00003a          0x2 build/default/production/IOs.o

.ivt._T2Interrupt
                  0x000022          0x2
 .ivt._T2Interrupt
                  0x000022          0x2 build/default/production/TimeDelay.o

.const              0xa26a         0x28 load address 0x00226a  
 .const             0xa26a         0x28 build/default/production/IOs.o

.text             0x002292        0x5f4
 .text            0x002292        0x312 build/default/production/IOs.o
                  0x002292                  _IOinit
                  0x0022cc                  _IOcheck
                  0x002484                  _goToNextMultipleOf5
                  0x0024d6                  _goToNextMultipleOf5Minutes
                  0x002528                  _displayTime
 .text            0x0025a4        0x226 build/default/production/UART2.o
                  0x0025a4                  _InitUART2
                  0x00260c                  _XmitUART2
                  0x002644                  _Disp2Hex
                  0x0026a2                  _Disp2Hex32
                  0x002718                  _Disp2Dec
                  0x002778                  _Disp2String
 .text            0x0027ca         0x6e build/default/production/clkChange.o
                  0x0027ca                  _newClk
 .text            0x002838         0x4e build/default/production/TimeDelay.o
                  0x002838                  _setup_timer1
                  0x002854                  _delay_ms

.dinit            0x002886         0x4a
 .dinit           0x002886         0x4a data_init

.text             0x0028d0          0xc
 .text            0x0028d0          0xc build/default/production/app1main.o
                  0x0028d0                  _main
